-- Test role quota
-- start_ignore
\! mkdir -p /tmp/rolespc
-- end_ignore
DROP TABLESPACE  IF EXISTS rolespc;
NOTICE:  tablespace "rolespc" does not exist, skipping
CREATE TABLESPACE rolespc LOCATION '/tmp/rolespc';
CREATE SCHEMA rolespcrole;
SET search_path TO rolespcrole;
DROP ROLE IF EXISTS rolespcu1;
DROP ROLE IF EXISTS rolespcu2;
CREATE ROLE rolespcu1 NOLOGIN;
NOTICE:  resource queue required -- using default resource queue "pg_default"
CREATE ROLE rolespcu2 NOLOGIN;
NOTICE:  resource queue required -- using default resource queue "pg_default"
CREATE TABLE b (t TEXT) TABLESPACE rolespc;
NOTICE:  Table doesn't have 'DISTRIBUTED BY' clause -- Using column named 't' as the Greenplum Database data distribution key for this table.
HINT:  The 'DISTRIBUTED BY' clause determines the distribution of data. Make sure column(s) chosen are the optimal data distribution key to minimize skew.
CREATE TABLE b2 (t TEXT) TABLESPACE rolespc;
NOTICE:  Table doesn't have 'DISTRIBUTED BY' clause -- Using column named 't' as the Greenplum Database data distribution key for this table.
HINT:  The 'DISTRIBUTED BY' clause determines the distribution of data. Make sure column(s) chosen are the optimal data distribution key to minimize skew.
ALTER TABLE b2 OWNER TO rolespcu1;
INSERT INTO b SELECT generate_series(1,100);
-- expect insert success
INSERT INTO b SELECT generate_series(1,100000);
SELECT diskquota.set_role_tablespace_quota('rolespcu1', 'rolespc', '1 MB');
 set_role_tablespace_quota 
---------------------------
 
(1 row)

SELECT diskquota.wait_for_worker_new_epoch();
 wait_for_worker_new_epoch 
---------------------------
 t
(1 row)

-- expect insert success
INSERT INTO b SELECT generate_series(1,100);
ALTER TABLE b OWNER TO rolespcu1;
SELECT diskquota.wait_for_worker_new_epoch();
 wait_for_worker_new_epoch 
---------------------------
 t
(1 row)

-- expect insert fail
INSERT INTO b SELECT generate_series(1,100);
ERROR:  tablespace:rolespc role:rolespcu1 diskquota exceeded
-- expect insert fail
INSERT INTO b2 SELECT generate_series(1,100);
ERROR:  tablespace:rolespc role:rolespcu1 diskquota exceeded
-- Test show_fast_role_tablespace_quota_view
SELECT role_name, tablespace_name, quota_in_mb, rolsize_tablespace_in_bytes FROM diskquota.show_fast_role_tablespace_quota_view WHERE role_name = 'rolespcu1' and tablespace_name = 'rolespc';
 role_name | tablespace_name | quota_in_mb | rolsize_tablespace_in_bytes 
-----------+-----------------+-------------+-----------------------------
 rolespcu1 | rolespc         |           1 |                     4194304
(1 row)

-- Test alter owner
ALTER TABLE b OWNER TO rolespcu2;
SELECT diskquota.wait_for_worker_new_epoch();
 wait_for_worker_new_epoch 
---------------------------
 t
(1 row)

-- expect insert succeed
INSERT INTO b SELECT generate_series(1,100);
-- expect insert succeed
INSERT INTO b2 SELECT generate_series(1,100);
ALTER TABLE b OWNER TO rolespcu1;
SELECT diskquota.wait_for_worker_new_epoch();
 wait_for_worker_new_epoch 
---------------------------
 t
(1 row)

-- expect insert fail
INSERT INTO b SELECT generate_series(1,100);
ERROR:  tablespace:rolespc role:rolespcu1 diskquota exceeded
-- Test alter tablespace
-- start_ignore
\! mkdir -p /tmp/rolespc2
-- end_ignore
DROP TABLESPACE  IF EXISTS rolespc2;
NOTICE:  tablespace "rolespc2" does not exist, skipping
CREATE TABLESPACE rolespc2 LOCATION '/tmp/rolespc2';
ALTER TABLE b SET TABLESPACE rolespc2;
SELECT diskquota.wait_for_worker_new_epoch();
 wait_for_worker_new_epoch 
---------------------------
 t
(1 row)

-- expect insert succeed
INSERT INTO b SELECT generate_series(1,100);
-- alter table b back to tablespace rolespc
ALTER TABLE b SET TABLESPACE rolespc;
SELECT diskquota.wait_for_worker_new_epoch();
 wait_for_worker_new_epoch 
---------------------------
 t
(1 row)

-- expect insert fail
INSERT INTO b SELECT generate_series(1,100);
ERROR:  tablespace:rolespc role:rolespcu1 diskquota exceeded
-- Test update quota config
SELECT diskquota.set_role_tablespace_quota('rolespcu1', 'rolespc', '10 MB');
 set_role_tablespace_quota 
---------------------------
 
(1 row)

SELECT diskquota.wait_for_worker_new_epoch();
 wait_for_worker_new_epoch 
---------------------------
 t
(1 row)

-- expect insert success
INSERT INTO b SELECT generate_series(1,100);
-- expect insert success
INSERT INTO b SELECT generate_series(1,1000000);
SELECT diskquota.wait_for_worker_new_epoch();
 wait_for_worker_new_epoch 
---------------------------
 t
(1 row)

-- expect insert fail
INSERT INTO b SELECT generate_series(1,100);
ERROR:  tablespace:rolespc role:rolespcu1 diskquota exceeded
-- Test delete quota config
SELECT diskquota.set_role_tablespace_quota('rolespcu1', 'rolespc', '-1 MB');
 set_role_tablespace_quota 
---------------------------
 
(1 row)

SELECT diskquota.wait_for_worker_new_epoch();
 wait_for_worker_new_epoch 
---------------------------
 t
(1 row)

-- expect insert success
INSERT INTO b SELECT generate_series(1,100);
DROP TABLE b, b2;
DROP ROLE rolespcu1, rolespcu2;
RESET search_path;
DROP SCHEMA rolespcrole;
DROP TABLESPACE rolespc;
DROP TABLESPACE rolespc2;
