-- Test schema
-- start_ignore
\! mkdir -p /tmp/schemaspc_perseg
-- end_ignore
-- Test tablespace quota perseg
CREATE SCHEMA spcs1_perseg;
DROP TABLESPACE  IF EXISTS schemaspc_perseg;
NOTICE:  tablespace "schemaspc_perseg" does not exist, skipping
CREATE TABLESPACE schemaspc_perseg LOCATION '/tmp/schemaspc_perseg';
SELECT diskquota.set_schema_tablespace_quota('spcs1_perseg', 'schemaspc_perseg','1 MB');
 set_schema_tablespace_quota 
-----------------------------
 
(1 row)

SET search_path TO spcs1_perseg;
CREATE TABLE a(i int) TABLESPACE schemaspc_perseg;
NOTICE:  Table doesn't have 'DISTRIBUTED BY' clause -- Using column named 'i' as the Greenplum Database data distribution key for this table.
HINT:  The 'DISTRIBUTED BY' clause determines the distribution of data. Make sure column(s) chosen are the optimal data distribution key to minimize skew.
INSERT INTO a SELECT generate_series(1,100);
-- expect insert success
INSERT INTO a SELECT generate_series(1,100000);
SELECT diskquota.wait_for_worker_new_epoch();
 wait_for_worker_new_epoch 
---------------------------
 t
(1 row)

-- expect insert fail by tablespace schema diskquota
INSERT INTO a SELECT generate_series(1,100);
ERROR:  tablespace:schemaspc_perseg schema:spcs1_perseg diskquota exceeded
-- change tablespace schema quota
SELECT diskquota.set_schema_tablespace_quota('spcs1_perseg', 'schemaspc_perseg', '10 MB');
 set_schema_tablespace_quota 
-----------------------------
 
(1 row)

SELECT diskquota.wait_for_worker_new_epoch();
 wait_for_worker_new_epoch 
---------------------------
 t
(1 row)

-- expect insert success
INSERT INTO a SELECT generate_series(1,100);
SELECT schema_name, tablespace_name, quota_in_mb, nspsize_tablespace_in_bytes FROM diskquota.show_fast_schema_tablespace_quota_view WHERE schema_name = 'spcs1_perseg' and tablespace_name ='schemaspc_perseg';
 schema_name  | tablespace_name  | quota_in_mb | nspsize_tablespace_in_bytes 
--------------+------------------+-------------+-----------------------------
 spcs1_perseg | schemaspc_perseg |          10 |                     3932160
(1 row)

SELECT diskquota.set_per_segment_quota('schemaspc_perseg', 0.1);
 set_per_segment_quota 
-----------------------
 
(1 row)

SELECT diskquota.wait_for_worker_new_epoch();
 wait_for_worker_new_epoch 
---------------------------
 t
(1 row)

---- expect insert fail by tablespace schema perseg quota
INSERT INTO a SELECT generate_series(1,100);
ERROR:  tablespace:schemaspc_perseg schema:spcs1_perseg diskquota exceeded per segment quota
-- Test alter table set schema
CREATE SCHEMA spcs2_perseg;
ALTER TABLE spcs1_perseg.a SET SCHEMA spcs2_perseg;
SELECT diskquota.wait_for_worker_new_epoch();
 wait_for_worker_new_epoch 
---------------------------
 t
(1 row)

-- expect insert succeed
INSERT INTO spcs2_perseg.a SELECT generate_series(1,200);
ALTER TABLE spcs2_perseg.a SET SCHEMA spcs1_perseg;
SELECT diskquota.wait_for_worker_new_epoch();
 wait_for_worker_new_epoch 
---------------------------
 t
(1 row)

-- expect insert fail
INSERT INTO a SELECT generate_series(1,200);
ERROR:  tablespace:schemaspc_perseg schema:spcs1_perseg diskquota exceeded per segment quota
SELECT schema_name, tablespace_name, quota_in_mb, nspsize_tablespace_in_bytes FROM diskquota.show_fast_schema_tablespace_quota_view WHERE schema_name = 'spcs1_perseg' and tablespace_name ='schemaspc_perseg';
 schema_name  | tablespace_name  | quota_in_mb | nspsize_tablespace_in_bytes 
--------------+------------------+-------------+-----------------------------
 spcs1_perseg | schemaspc_perseg |          10 |                     3932160
(1 row)

-- Test alter tablespace
-- start_ignore
\! mkdir -p /tmp/schemaspc_perseg2
-- end_ignore
DROP TABLESPACE  IF EXISTS schemaspc_perseg2;
NOTICE:  tablespace "schemaspc_perseg2" does not exist, skipping
CREATE TABLESPACE schemaspc_perseg2 LOCATION '/tmp/schemaspc_perseg2';
ALTER TABLE a SET TABLESPACE schemaspc_perseg2;
SELECT diskquota.wait_for_worker_new_epoch();
 wait_for_worker_new_epoch 
---------------------------
 t
(1 row)

-- expect insert succeed
INSERT INTO a SELECT generate_series(1,200);
ALTER TABLE a SET TABLESPACE schemaspc_perseg;
SELECT diskquota.wait_for_worker_new_epoch();
 wait_for_worker_new_epoch 
---------------------------
 t
(1 row)

-- expect insert fail
INSERT INTO a SELECT generate_series(1,200);
ERROR:  tablespace:schemaspc_perseg schema:spcs1_perseg diskquota exceeded per segment quota
-- Test update per segment ratio
SELECT diskquota.set_per_segment_quota('schemaspc_perseg', 3.1);
 set_per_segment_quota 
-----------------------
 
(1 row)

SELECT diskquota.wait_for_worker_new_epoch();
 wait_for_worker_new_epoch 
---------------------------
 t
(1 row)

-- expect insert success
INSERT INTO a SELECT generate_series(1,100);
SELECT diskquota.set_per_segment_quota('schemaspc_perseg', 0.123);
 set_per_segment_quota 
-----------------------
 
(1 row)

SELECT diskquota.wait_for_worker_new_epoch();
 wait_for_worker_new_epoch 
---------------------------
 t
(1 row)

---- expect insert fail
INSERT INTO a SELECT generate_series(1,100);
ERROR:  tablespace:schemaspc_perseg schema:spcs1_perseg diskquota exceeded per segment quota
-- Test delete per segment ratio
SELECT diskquota.set_per_segment_quota('schemaspc_perseg', -1);
 set_per_segment_quota 
-----------------------
 
(1 row)

SELECT diskquota.wait_for_worker_new_epoch();
 wait_for_worker_new_epoch 
---------------------------
 t
(1 row)

-- expect insert success
INSERT INTO a SELECT generate_series(1,100);
SELECT diskquota.set_per_segment_quota('schemaspc_perseg', 0.123);
 set_per_segment_quota 
-----------------------
 
(1 row)

SELECT diskquota.wait_for_worker_new_epoch();
 wait_for_worker_new_epoch 
---------------------------
 t
(1 row)

---- expect insert fail
INSERT INTO a SELECT generate_series(1,100);
ERROR:  tablespace:schemaspc_perseg schema:spcs1_perseg diskquota exceeded per segment quota
-- Test delete tablespace schema quota
SELECT diskquota.set_per_segment_quota('schemaspc_perseg', 2);
 set_per_segment_quota 
-----------------------
 
(1 row)

SELECT diskquota.set_schema_tablespace_quota('spcs1_perseg', 'schemaspc_perseg','-1 MB');
 set_schema_tablespace_quota 
-----------------------------
 
(1 row)

SELECT diskquota.wait_for_worker_new_epoch();
 wait_for_worker_new_epoch 
---------------------------
 t
(1 row)

-- expect insert success
INSERT INTO a SELECT generate_series(1,100);
SELECT schema_name, tablespace_name, quota_in_mb, nspsize_tablespace_in_bytes FROM diskquota.show_fast_schema_tablespace_quota_view WHERE schema_name = 'spcs1_perseg' and tablespace_name ='schemaspc_perseg';
 schema_name | tablespace_name | quota_in_mb | nspsize_tablespace_in_bytes 
-------------+-----------------+-------------+-----------------------------
(0 rows)

RESET search_path;
DROP TABLE spcs1_perseg.a;
DROP SCHEMA spcs1_perseg;
DROP TABLESPACE schemaspc_perseg;
DROP TABLESPACE schemaspc_perseg2;
